-1
1
-1
1993
2
1991
true
-1
true
3
-1
-1
false
-1
-1
-1
true
true
true
-1
-1
-1
true
true
1
20
-1
true
1926
1913
1909
-1
1892
1886
1888
1886
false
-1
10
1
false
16
true
true
-1
false
-1
true
true
false
1892
false
true
false
1843
27
true
1891
false
1832
65
true
7
true
1900
-1
57
false
-1
true
true
true
28
1787
1789
1791
false
1772
true
1892
-1
-1
false
true
-1
-1
1737
-1
35
true
-1
42
-1
1719
true
1752
90
-1
1699
true
1691
83
true
true
-1
false
21
1657
1656
true
1643
97
true
-1
-1
-1
true
1621
-1
-1
true
true
1603
-1
85
true
true
false
true
1578
25
1580
-1
true
-1
true
1986
92
false
true
-1
false
true
true
14
36
8
1541
1543
true
1537
true
-1
true
true
1771
1506
true
true
true
true
true
true
false
true
1565
1563
1565
false
-1
53
1458
43
61
23
30
false
-1
-1
4
-1
true
1423
-1
162
7
false
-1
1404
198
true
81
-1
true
false
false
-1
132
28
-1
-1
-1
-1
1373
-1
true
false
1362
1363
true
true
-1
-1
true
-1
201
1335
true
true
105
1320
-1
-1
-1
-1
1291
1290
1293
168
1283
1282
true
true
true
true
1379
false
1254
1255
1243
1256
1243
61
1234
1242
false
-1
true
false
-1
11
-1
true
true
true
1224
true
78
true
-1
-1
1190
true
true
-1
true
1285
1283
1172
91
true
true
1162
true
-1
1148
102
1142
6
1137
true
1131
1121
1118
1124
1113
1112
true
191
-1
-1
-1
6
-1
1083
true
186
false
true
1075
1068
true
false
1062
1061
true
1057
-1
-1
-1
-1
-1
69
true
-1
1028
1036
true
true
1017
true
72
21
-1
true
1199
true
false
true
true
false
false
false
978
true
-1
22
true
145
true
-1
947
40
937
941
-1
false
-1
48
-1
3
false
false
false
918
true
true
-1
-1
891
true
false
1405
1407
-1
869
69
true
-1
-1
167
false
-1
92
-1
-1
true
28
true
1436
-1
false
853
false
836
true
1656
1657
29
-1
-1
-1
97
-1
false
-1
true
-1
806
165
true
1492
815
834
98
809
814
true
false
-1
119
781
false
-1
773
771
773
true
1678
1676
50
-1
-1
true
false
1347
748
247
-1
false
747
-1
736
734
143
5
715
-1
-1
true
1714
true
1190
false
23
false
true
false
101
true
1499
true
661
true
654
130
15
649
true
1192
-1
642
638
true
639
-1
273
-1
true
752
-1
true
-1
612
609
true
true
1308
true
true
26
1580
false
true
628
true
false
1572
true
1827
-1
true
121
true
true
true
-1
-1
true
209
false
false
-1
553
5
-1
-1
113
42
537
-1
true
933
518
-1
-1
-1
-1
true
true
true
494
true
24
1699
false
488
474
-1
true
54
true
true
946
462
true
true
1747
true
54
false
true
false
-1
93
407
208
-1
false
false
410
164
true
374
-1
74
-1
true
true
1009
true
69
-1
-1
true
14
-1
34
true
395
326
47
false
-1
-1
-1
303
4
296
-1
-1
-1
-1
21
-1
260
186
true
20
197
-1
true
71
true
239
231
231
true
-1
222
231
190
121
-1
false
true
612
205
true
219
false
125
235
241
-1
199
false
-1
34
109
true
156
true
false
20
-1
-1
false
139
-1
true
true
-1
117
116
-1
-1
true
113
-1
-1
-1
87
true
1509
74
201
-1
-1
38
true
962
true
199
33
38
15
-1
-1
false
25
112
36
11
true
